// Jest Snapshot v1, https://goo.gl/fbAQLP

exports[`ClearButton renders 1`] = `
<GreenButton
  reasonProps={
    Array [
      1,
      Object {
        "data-css-galczn": "",
      },
      [Function],
    ]
  }
/>
`;
