// Jest Snapshot v1, https://goo.gl/fbAQLP

exports[`Display renders 1`] = `
<div
  className={
    Object {
      "data-css-xxtwki": "",
    }
  }
>
  42
</div>
`;
