// Jest Snapshot v1, https://goo.gl/fbAQLP

exports[`Hero renders 1`] = `
<div
  className="css-owdkhh css-1rfi9k7"
>
  <Title
    reasonProps={0}
  />
  <Features
    reasonProps={0}
  />
</div>
`;
