// Jest Snapshot v1, https://goo.gl/fbAQLP

exports[`Title renders 1`] = `
<h1
  className={
    Object {
      "data-css-tc8z0v": "",
    }
  }
>
  Reason Calculator
</h1>
`;
